     1 			; vim: syntax=asm ts=8 sw=8 sts=8 sr et columns=100 lines=45
     2
     3 			;
     4 			; Intel 8080-8085 Assembly Language Programming 1977.
     5 			;
     6 			; Page 2.7
     7 			;
     8
     9 0000		        DB      5
            05 
    10 0001		X:      DB      4
            04 
    11 0002		        DB      3
            03 
*** Error 0 in "TestCases/cb_test_instruction_operands.asm": Label not found! ("ADD")
    12 0003		INS:    DB      (ADD C)
            00 
*** Error 0 in "TestCases/cb_test_instruction_operands.asm": Label not found! ("HLT")
    13 0004		FOO:    DB      (HLT)
            00 
*** Error 0 in "TestCases/cb_test_instruction_operands.asm": Label not found! ("MOV")
*** Error 0 in "TestCases/cb_test_instruction_operands.asm": Label not found! ("C")
    14 0005		BAR:    DB      (MOV B,C)
            00 00 
    15      00 05		FIVE    EQU     5
    16 0007		        DB      (FIVE+1)
            06 


*******************************************************************************
                                 Symbols table
*******************************************************************************

Names		Types	Values
-----		-----	------
FIVE		EQU	00005h
X		Label	00001h
INS		Label	00003h
FOO		Label	00004h
BAR		Label	00005h

Statistics
----------
"Name"	= 0
"EQU"	= 1
"SET"	= 0
Labels	= 4


